[backblue.gif]
[fade.gif]
[index.html]
[misp.iiita.ac.in/img/logo.gif]
[misp.iiita.ac.in/Conference-schedule.pdf]
[misp.iiita.ac.in/img/5.jpg]
[misp.iiita.ac.in/MISP.pdf]
[misp.iiita.ac.in/img/6.jpg]
[misp.iiita.ac.in/img/7.jpg]
[misp.iiita.ac.in/img/d.jpg]
[misp.iiita.ac.in/img/testone.jpg]
[misp.iiita.ac.in/img/allahabad.jpg]
[misp.iiita.ac.in/img/tree_cut_3.jpg]
[misp.iiita.ac.in/img/machine.jpg]
[misp.iiita.ac.in/img/alz.jpg]
[misp.iiita.ac.in/img/epi.jpg]
[misp.iiita.ac.in/img/sleep.jpg]
[misp.iiita.ac.in/img/Prof.PNagabhushan.jpg]
[misp.iiita.ac.in/img/Prof. Ponnuthurai Nagaratnam Suganthan.jpg]
[misp.iiita.ac.in/img/ust.jpg]
[misp.iiita.ac.in/img/shekharsir.jpg]
[misp.iiita.ac.in/img/image_joshi_2.jpg]
[misp.iiita.ac.in/img/imageRB_2.jpg]
[misp.iiita.ac.in/img/image_lalit_2.jpg]
[misp.iiita.ac.in/img/Partha Pratim Roy.jpg]
[misp.iiita.ac.in/img/image_tanveer_2.jpg]
[misp.iiita.ac.in/img/kpandian.jpg]
[misp.iiita.ac.in/img/pavan.jpg]
[misp.iiita.ac.in/img/piyush.jpg]
[misp.iiita.ac.in/img/csir.png]
[misp.iiita.ac.in/img/dsp.jpg]
[misp.iiita.ac.in/img/insa.png]
[misp.iiita.ac.in/img/upcst.jpg]
[misp.iiita.ac.in/img/logo20.gif]
[misp.iiita.ac.in/js/jquery-1.12.3.min.js]
[misp.iiita.ac.in/js/waypoints.min.js]
[misp.iiita.ac.in/js/jquery.counterup.min.js]
[misp.iiita.ac.in/js/isotope/min/scripts-min.js]
[misp.iiita.ac.in/js/isotope/cells-by-row.js]
[misp.iiita.ac.in/js/isotope/isotope.pkgd.min.js]
[misp.iiita.ac.in/js/isotope/packery-mode.pkgd.min.js]
[misp.iiita.ac.in/js/isotope/scripts.js]
[misp.iiita.ac.in/js/backtotop.js]
[misp.iiita.ac.in/js/jquery.localScroll.min.js]
[misp.iiita.ac.in/js/jquery.scrollTo.min.js]
[misp.iiita.ac.in/js/wow.min.js]
[misp.iiita.ac.in/js/bootstrap.min.js]
[misp.iiita.ac.in/index.html]
[misp.iiita.ac.in/fonts/fontawesome-webfont3295.eot]
[misp.iiita.ac.in/fonts/fontawesome-webfontd41d.eot]
[misp.iiita.ac.in/fonts/fontawesome-webfont3295.woff]
[misp.iiita.ac.in/fonts/fontawesome-webfont3295.ttf]
[misp.iiita.ac.in/css/font-awesome.min.css]
[misp.iiita.ac.in/css/animate.min.css]
[misp.iiita.ac.in/fonts/glyphicons-halflings-regular.eot]
[misp.iiita.ac.in/fonts/glyphicons-halflings-regulard41d.eot]
[misp.iiita.ac.in/fonts/glyphicons-halflings-regular.woff]
[misp.iiita.ac.in/fonts/glyphicons-halflings-regular.ttf]
[misp.iiita.ac.in/css/bootstrap.min.css]
[misp.iiita.ac.in/css/carousel.css]
[misp.iiita.ac.in/css/isotope/style.css]
[misp.iiita.ac.in/css/style.css]
[misp.iiita.ac.in/css/responsive.css]
[misp.iiita.ac.in/img/deep.jpg]
[misp.iiita.ac.in/img/bigdata.jpg]
[misp.iiita.ac.in/img/kpsir.jpg]
[misp.iiita.ac.in/img/sonalimam.jpg]
[misp.iiita.ac.in/img/manish.jpg]
[misp.iiita.ac.in/workshop.html]
[misp.iiita.ac.in/index-2.html]
[misp.iiita.ac.in/committee.html]
[misp.iiita.ac.in/fonts/fontawesome-webfont3295.html]
[misp.iiita.ac.in/fonts/fontawesome-webfont3295.svg]
[misp.iiita.ac.in/fonts/glyphicons-halflings-regular.html]
[misp.iiita.ac.in/fonts/glyphicons-halflings-regular.svg]
[misp.iiita.ac.in/index1.html]
